=== RUN   TestDynamicAdapter_ChatCompletion
--- PASS: TestDynamicAdapter_ChatCompletion (0.01s)
=== RUN   TestAnthropicProtocol_AuthHeaders
--- PASS: TestAnthropicProtocol_AuthHeaders (0.00s)
=== RUN   TestOpenAIProtocol_AuthHeaders
--- PASS: TestOpenAIProtocol_AuthHeaders (0.00s)
=== RUN   TestAnthropicProtocol_EncodeRequest_Basic
--- PASS: TestAnthropicProtocol_EncodeRequest_Basic (0.00s)
=== RUN   TestAnthropicProtocol_EncodeRequest_SystemExtraction
--- PASS: TestAnthropicProtocol_EncodeRequest_SystemExtraction (0.00s)
=== RUN   TestAnthropicProtocol_EncodeRequest_StreamHeaders
--- PASS: TestAnthropicProtocol_EncodeRequest_StreamHeaders (0.00s)
=== RUN   TestAnthropicProtocol_DecodeResponse_Success
--- PASS: TestAnthropicProtocol_DecodeResponse_Success (0.00s)
=== RUN   TestAnthropicProtocol_DecodeResponse_Error
--- PASS: TestAnthropicProtocol_DecodeResponse_Error (0.00s)
=== RUN   TestAnthropicProtocol_DecodeResponse_StopReasonMapping
=== RUN   TestAnthropicProtocol_DecodeResponse_StopReasonMapping/end_turn
=== RUN   TestAnthropicProtocol_DecodeResponse_StopReasonMapping/max_tokens
=== RUN   TestAnthropicProtocol_DecodeResponse_StopReasonMapping/stop_sequence
=== RUN   TestAnthropicProtocol_DecodeResponse_StopReasonMapping/tool_use
--- PASS: TestAnthropicProtocol_DecodeResponse_StopReasonMapping (0.00s)
    --- PASS: TestAnthropicProtocol_DecodeResponse_StopReasonMapping/end_turn (0.00s)
    --- PASS: TestAnthropicProtocol_DecodeResponse_StopReasonMapping/max_tokens (0.00s)
    --- PASS: TestAnthropicProtocol_DecodeResponse_StopReasonMapping/stop_sequence (0.00s)
    --- PASS: TestAnthropicProtocol_DecodeResponse_StopReasonMapping/tool_use (0.00s)
=== RUN   TestAnthropicProtocol_DecodeStreamChunk
=== RUN   TestAnthropicProtocol_DecodeStreamChunk/empty_line
=== RUN   TestAnthropicProtocol_DecodeStreamChunk/event_line_(skipped)
=== RUN   TestAnthropicProtocol_DecodeStreamChunk/message_start
=== RUN   TestAnthropicProtocol_DecodeStreamChunk/content_block_delta
=== RUN   TestAnthropicProtocol_DecodeStreamChunk/message_delta_with_stop
=== RUN   TestAnthropicProtocol_DecodeStreamChunk/message_stop
=== RUN   TestAnthropicProtocol_DecodeStreamChunk/content_block_start_(skipped)
=== RUN   TestAnthropicProtocol_DecodeStreamChunk/ping_(skipped)
--- PASS: TestAnthropicProtocol_DecodeStreamChunk (0.00s)
    --- PASS: TestAnthropicProtocol_DecodeStreamChunk/empty_line (0.00s)
    --- PASS: TestAnthropicProtocol_DecodeStreamChunk/event_line_(skipped) (0.00s)
    --- PASS: TestAnthropicProtocol_DecodeStreamChunk/message_start (0.00s)
    --- PASS: TestAnthropicProtocol_DecodeStreamChunk/content_block_delta (0.00s)
    --- PASS: TestAnthropicProtocol_DecodeStreamChunk/message_delta_with_stop (0.00s)
    --- PASS: TestAnthropicProtocol_DecodeStreamChunk/message_stop (0.00s)
    --- PASS: TestAnthropicProtocol_DecodeStreamChunk/content_block_start_(skipped) (0.00s)
    --- PASS: TestAnthropicProtocol_DecodeStreamChunk/ping_(skipped) (0.00s)
=== RUN   TestProtocolAdapter_Anthropic_ChatCompletion
--- PASS: TestProtocolAdapter_Anthropic_ChatCompletion (0.00s)
=== RUN   TestProtocolAdapter_Anthropic_ChatCompletionStream
--- PASS: TestProtocolAdapter_Anthropic_ChatCompletionStream (0.00s)
=== RUN   TestNewProvider_Anthropic
--- PASS: TestNewProvider_Anthropic (0.00s)
=== RUN   TestProtocolAdapter_ProviderAgnostic
--- PASS: TestProtocolAdapter_ProviderAgnostic (0.00s)
=== RUN   TestOpenAIAdapter_ChatCompletion
--- PASS: TestOpenAIAdapter_ChatCompletion (0.00s)
=== RUN   TestOpenAIAdapter_ChatCompletionStream
--- PASS: TestOpenAIAdapter_ChatCompletionStream (0.00s)
PASS
ok  	github.com/ai-gateway/core/internal/adapters	1.990s
